// Jest Snapshot v1, https://jestjs.io/docs/snapshot-testing

exports[`NoticeView when buttonText is given displays a button with the buttonText in its title 1`] = `null`;

exports[`NoticeView when given no text to display displays "Notice!" as its text 1`] = `null`;

exports[`NoticeView when given text to display displays the text 1`] = `null`;

exports[`NoticeView when given view style overrides applies view style overrides 1`] = `null`;

exports[`NoticeView when header text is given displays the header text 1`] = `null`;

exports[`NoticeView when instructed to display a spinner displays a spinner 1`] = `null`;
