// Jest Snapshot v1, https://goo.gl/fbAQLP

exports[`returns an empty schedule if there is no schedule for today 1`] = `
{
  "coordinates": {},
  "days": [
    "Su",
  ],
  "stops": [],
  "times": [],
  "timetable": [],
}
`;

exports[`returns the bus schedule for today 1`] = `
{
  "coordinates": {},
  "days": [
    "Fr",
    "Sa",
  ],
  "stops": [
    "St. Olaf",
    "Carleton",
    "Food Co-op",
    "Cub/Target",
    "El Tequila",
    "Food Co-op",
    "Carleton",
    "St. Olaf",
  ],
  "times": [
    [
      "2017-11-18T20:15:00-06:00[America/Chicago]",
      "2017-11-18T20:22:00-06:00[America/Chicago]",
      "2017-11-18T20:23:00-06:00[America/Chicago]",
      "2017-11-18T20:33:00-06:00[America/Chicago]",
      "2017-11-18T20:37:00-06:00[America/Chicago]",
      "2017-11-18T20:43:00-06:00[America/Chicago]",
      "2017-11-18T20:44:00-06:00[America/Chicago]",
      "2017-11-18T20:52:00-06:00[America/Chicago]",
    ],
    [
      "2017-11-18T20:55:00-06:00[America/Chicago]",
      "2017-11-18T21:02:00-06:00[America/Chicago]",
      "2017-11-18T21:03:00-06:00[America/Chicago]",
      "2017-11-18T21:13:00-06:00[America/Chicago]",
      "2017-11-18T21:17:00-06:00[America/Chicago]",
      "2017-11-18T21:23:00-06:00[America/Chicago]",
      "2017-11-18T21:24:00-06:00[America/Chicago]",
      "2017-11-18T21:32:00-06:00[America/Chicago]",
    ],
    [
      "2017-11-18T21:35:00-06:00[America/Chicago]",
      "2017-11-18T21:42:00-06:00[America/Chicago]",
      "2017-11-18T21:43:00-06:00[America/Chicago]",
      "2017-11-18T21:53:00-06:00[America/Chicago]",
      "2017-11-18T21:57:00-06:00[America/Chicago]",
      "2017-11-18T22:03:00-06:00[America/Chicago]",
      "2017-11-18T22:04:00-06:00[America/Chicago]",
      "2017-11-18T22:12:00-06:00[America/Chicago]",
    ],
  ],
  "timetable": [
    {
      "coordinates": undefined,
      "departures": [
        "2017-11-18T20:15:00-06:00[America/Chicago]",
        "2017-11-18T20:55:00-06:00[America/Chicago]",
        "2017-11-18T21:35:00-06:00[America/Chicago]",
      ],
      "name": "St. Olaf",
    },
    {
      "coordinates": undefined,
      "departures": [
        "2017-11-18T20:22:00-06:00[America/Chicago]",
        "2017-11-18T21:02:00-06:00[America/Chicago]",
        "2017-11-18T21:42:00-06:00[America/Chicago]",
      ],
      "name": "Carleton",
    },
    {
      "coordinates": undefined,
      "departures": [
        "2017-11-18T20:23:00-06:00[America/Chicago]",
        "2017-11-18T21:03:00-06:00[America/Chicago]",
        "2017-11-18T21:43:00-06:00[America/Chicago]",
      ],
      "name": "Food Co-op",
    },
    {
      "coordinates": undefined,
      "departures": [
        "2017-11-18T20:33:00-06:00[America/Chicago]",
        "2017-11-18T21:13:00-06:00[America/Chicago]",
        "2017-11-18T21:53:00-06:00[America/Chicago]",
      ],
      "name": "Cub/Target",
    },
    {
      "coordinates": undefined,
      "departures": [
        "2017-11-18T20:37:00-06:00[America/Chicago]",
        "2017-11-18T21:17:00-06:00[America/Chicago]",
        "2017-11-18T21:57:00-06:00[America/Chicago]",
      ],
      "name": "El Tequila",
    },
    {
      "coordinates": undefined,
      "departures": [
        "2017-11-18T20:43:00-06:00[America/Chicago]",
        "2017-11-18T21:23:00-06:00[America/Chicago]",
        "2017-11-18T22:03:00-06:00[America/Chicago]",
      ],
      "name": "Food Co-op",
    },
    {
      "coordinates": undefined,
      "departures": [
        "2017-11-18T20:44:00-06:00[America/Chicago]",
        "2017-11-18T21:24:00-06:00[America/Chicago]",
        "2017-11-18T22:04:00-06:00[America/Chicago]",
      ],
      "name": "Carleton",
    },
    {
      "coordinates": undefined,
      "departures": [
        "2017-11-18T20:52:00-06:00[America/Chicago]",
        "2017-11-18T21:32:00-06:00[America/Chicago]",
        "2017-11-18T22:12:00-06:00[America/Chicago]",
      ],
      "name": "St. Olaf",
    },
  ],
}
`;
